apiVersion: v1
kind: Secret
metadata:
  name: secretA
  namespace: namespaceA
stringData:
  keyA: valueA
  keyB: valueB
type: Opaque
---
apiVersion: v1
kind: Secret
metadata:
  name: geheimB
  namespace: othernsB
stringData:
  keyC: valueC
type: Opaque
---
apiVersion: v1
kind: Secret
metadata:
  name: wouldYou
  namespace: default
stringData:
  likeToC: valueC
type: Opaque
