apiVersion: v1
kind: Secret
metadata:
  labels:
    name: dockercfgA
  name: dockercfgA
  namespace: namespaceA
stringData:
  dockercfg: ewogICJhdXRocyI6IHsKICAgICJodHRwczovL2luZGV4LmRvY2tlci5pby92MS8iOiB7CiAgICAgICJhdXRoIjogImFzbGRrZmphbGtnamFsc2tqZmFzbGtkZmoiCiAgICB9CiAgfQp9Cg==
type: kubernetes.io/dockercfg
---
apiVersion: v1
kind: Secret
metadata:
  labels:
    name: dockercfgB
  name: dockercfgB
  namespace: default
stringData:
  dockercfg: ewogICJhdXRocyI6IHsKICAgICJodHRwczovL3JlZ2lzdHJ5LmdpdGxhYi5jb20iOiB7CiAgICAgICJhdXRoIjogIndlcm9pbGthc2RmYXNsa2Fqc2ZkaSIKICAgIH0KICB9Cn0K
type: kubernetes.io/dockercfg
---
apiVersion: v1
kind: Secret
metadata:
  labels:
    name: geheimB
  name: geheimB
  namespace: othernsB
stringData:
  keyC: valueC
type: Opaque
---
apiVersion: v1
kind: Secret
metadata:
  labels:
    name: secretA
  name: secretA
  namespace: namespaceA
stringData:
  keyA: valueA
  keyB: valueB
type: Opaque
---
apiVersion: v1
kind: Secret
metadata:
  labels:
    name: tlsA
  name: tlsA
  namespace: namespaceA
stringData:
  tls.crt: |
    -----BEGIN CERTIFICATE-----
    MIIABCDEFGH.....
    -----END CERTIFICATE-----
  tls.key: |
    -----BEGIN PRIVATE KEY-----
    MIIHGFEDCBA....
    -----END PRIVATE KEY-----
type: kubernetes.io/tls
---
apiVersion: v1
kind: Secret
metadata:
  labels:
    name: tlsB
  name: tlsB
  namespace: default
stringData:
  tls.crt: |
    -----BEGIN CERTIFICATE-----
    MIIUVWXYZ.....
    -----END CERTIFICATE-----
  tls.key: |
    -----BEGIN PRIVATE KEY-----
    MIIZYXWVU....
    -----END PRIVATE KEY-----
type: kubernetes.io/tls
---
apiVersion: v1
kind: Secret
metadata:
  labels:
    name: wouldYou
  name: wouldYou
  namespace: default
stringData:
  likeToC: valueC
type: Opaque
